

================================================================
== Vitis HLS Report for 'dab_top'
================================================================
* Date:           Sun Jun 23 11:38:44 2024

* Version:        2023.1 (Build 3854077 on May  4 2023)
* Project:        dab_hls
* Solution:       solution1 (Vivado IP Flow Target)
* Product family: zynq
* Target device:  xc7z020-clg400-1


================================================================
== Performance Estimates
================================================================
+ Timing: 
    * Summary: 
    +--------+----------+----------+------------+
    |  Clock |  Target  | Estimated| Uncertainty|
    +--------+----------+----------+------------+
    |ap_clk  |  10.00 ns|  6.994 ns|     2.70 ns|
    +--------+----------+----------+------------+

+ Latency: 
    * Summary: 
    +---------+---------+----------+----------+-----+-----+---------+
    |  Latency (cycles) |  Latency (absolute) |  Interval | Pipeline|
    |   min   |   max   |    min   |    max   | min | max |   Type  |
    +---------+---------+----------+----------+-----+-----+---------+
    |       14|       14|  0.140 us|  0.140 us|   15|   15|       no|
    +---------+---------+----------+----------+-----+-----+---------+

    + Detail: 
        * Instance: 
        N/A

        * Loop: 
        N/A



================================================================
== Utilization Estimates
================================================================
* Summary: 
+-----------------+---------+-----+--------+-------+-----+
|       Name      | BRAM_18K| DSP |   FF   |  LUT  | URAM|
+-----------------+---------+-----+--------+-------+-----+
|DSP              |        -|    -|       -|      -|    -|
|Expression       |        -|    -|       0|   1908|    -|
|FIFO             |        -|    -|       -|      -|    -|
|Instance         |        -|  110|    2539|   1364|    -|
|Memory           |        -|    -|       -|      -|    -|
|Multiplexer      |        -|    -|       -|    193|    -|
|Register         |        -|    -|    2302|      -|    -|
+-----------------+---------+-----+--------+-------+-----+
|Total            |        0|  110|    4841|   3465|    0|
+-----------------+---------+-----+--------+-------+-----+
|Available        |      280|  220|  106400|  53200|    0|
+-----------------+---------+-----+--------+-------+-----+
|Utilization (%)  |        0|   50|       4|      6|    0|
+-----------------+---------+-----+--------+-------+-----+

+ Detail: 
    * Instance: 
    +--------------------------+-----------------------+---------+----+-----+-----+-----+
    |         Instance         |         Module        | BRAM_18K| DSP|  FF | LUT | URAM|
    +--------------------------+-----------------------+---------+----+-----+-----+-----+
    |mul_105s_69ns_172_5_1_U4  |mul_105s_69ns_172_5_1  |        0|  24|  441|  256|    0|
    |mul_111s_65ns_175_5_1_U5  |mul_111s_65ns_175_5_1  |        0|  28|  441|  256|    0|
    |mul_111s_67ns_177_5_1_U6  |mul_111s_67ns_177_5_1  |        0|  28|  441|  256|    0|
    |mul_49s_37ns_84_5_1_U1    |mul_49s_37ns_84_5_1    |        0|   6|  334|   84|    0|
    |mul_65s_48ns_111_5_1_U2   |mul_65s_48ns_111_5_1   |        0|  12|  441|  256|    0|
    |mul_65s_48ns_111_5_1_U3   |mul_65s_48ns_111_5_1   |        0|  12|  441|  256|    0|
    +--------------------------+-----------------------+---------+----+-----+-----+-----+
    |Total                     |                       |        0| 110| 2539| 1364|    0|
    +--------------------------+-----------------------+---------+----+-----+-----+-----+

    * DSP: 
    N/A

    * Memory: 
    N/A

    * FIFO: 
    N/A

    * Expression: 
    +-------------------------+----------+----+---+-----+------------+------------+
    |      Variable Name      | Operation| DSP| FF| LUT | Bitwidth P0| Bitwidth P1|
    +-------------------------+----------+----+---+-----+------------+------------+
    |add_ln55_fu_232_p2       |         +|   0|  0|   70|          63|          63|
    |add_ln64_1_fu_350_p2     |         +|   0|  0|  180|         173|         173|
    |add_ln64_fu_326_p2       |         +|   0|  0|  112|         105|         105|
    |add_ln83_1_fu_519_p2     |         +|   0|  0|  191|         184|         184|
    |add_ln83_fu_475_p2       |         +|   0|  0|  118|         111|         111|
    |add_ln84_1_fu_555_p2     |         +|   0|  0|  191|         184|         184|
    |add_ln84_fu_496_p2       |         +|   0|  0|  118|         111|         111|
    |sub_ln57_fu_273_p2       |         -|   0|  0|   70|           1|          63|
    |sub_ln59_fu_278_p2       |         -|   0|  0|   70|          63|          63|
    |sub_ln61_fu_282_p2       |         -|   0|  0|   70|          63|          63|
    |sub_ln74_fu_408_p2       |         -|   0|  0|   57|           1|          50|
    |sub_ln83_fu_247_p2       |         -|   0|  0|   72|          50|          65|
    |sub_ln84_fu_257_p2       |         -|   0|  0|   72|          49|          65|
    |and_ln54_fu_268_p2       |       and|   0|  0|    2|           1|           1|
    |and_ln58_fu_286_p2       |       and|   0|  0|    2|           1|           1|
    |icmp_ln66_fu_366_p2      |      icmp|   0|  0|   60|          53|          49|
    |icmp_ln69_fu_381_p2      |      icmp|   0|  0|   60|          53|          47|
    |select_ln58_1_fu_298_p3  |    select|   0|  0|   63|           1|          63|
    |select_ln58_2_fu_305_p3  |    select|   0|  0|   63|           1|          63|
    |select_ln58_fu_290_p3    |    select|   0|  0|   63|           1|          63|
    |select_ln66_fu_371_p3    |    select|   0|  0|   53|           1|          49|
    |select_ln69_fu_387_p3    |    select|   0|  0|   49|           1|          47|
    |select_ln74_fu_414_p3    |    select|   0|  0|   50|           1|          50|
    |select_ln75_fu_427_p3    |    select|   0|  0|   50|           1|          50|
    |xor_ln54_fu_263_p2       |       xor|   0|  0|    2|           1|           2|
    +-------------------------+----------+----+---+-----+------------+------------+
    |Total                    |          |   0|  0| 1908|        1274|        1785|
    +-------------------------+----------+----+---+-----+------------+------------+

    * Multiplexer: 
    +-------------------------------------------+-----+-----------+-----+-----------+
    |                    Name                   | LUT | Input Size| Bits| Total Bits|
    +-------------------------------------------+-----+-----------+-----+-----------+
    |ap_NS_fsm                                  |  130|         29|    1|         29|
    |ap_phi_mux_solver_xC1_loc_0_phi_fu_149_p4  |    9|          2|   64|        128|
    |ap_phi_mux_solver_xC2_loc_0_phi_fu_159_p4  |    9|          2|   64|        128|
    |ap_phi_mux_solver_xL_loc_0_phi_fu_140_p4   |    9|          2|   49|         98|
    |ap_phi_mux_storemerge_phi_fu_170_p4        |    9|          2|    1|          2|
    |solver_xC1_loc_0_reg_146                   |    9|          2|   64|        128|
    |solver_xC2_loc_0_reg_156                   |    9|          2|   64|        128|
    |solver_xL_loc_0_reg_137                    |    9|          2|   49|         98|
    +-------------------------------------------+-----+-----------+-----+-----------+
    |Total                                      |  193|         43|  356|        739|
    +-------------------------------------------+-----+-----------+-----+-----------+

    * Register: 
    +---------------------------+-----+----+-----+-----------+
    |            Name           |  FF | LUT| Bits| Const Bits|
    +---------------------------+-----+----+-----+-----------+
    |add_ln55_reg_641           |   63|   0|   63|          0|
    |add_ln64_reg_672           |  105|   0|  105|          0|
    |add_ln83_reg_724           |  111|   0|  111|          0|
    |add_ln84_reg_729           |  111|   0|  111|          0|
    |ap_CS_fsm                  |   28|   0|   28|          0|
    |icmp_ln66_reg_693          |    1|   0|    1|          0|
    |mul_ln64_1_reg_682         |  172|   0|  172|          0|
    |mul_ln64_reg_667           |   84|   0|   84|          0|
    |mul_ln83_1_reg_744         |  175|   0|  175|          0|
    |mul_ln83_reg_714           |  111|   0|  111|          0|
    |mul_ln84_1_reg_749         |  177|   0|  177|          0|
    |mul_ln84_reg_719           |  111|   0|  111|          0|
    |select_ln69_reg_698        |   49|   0|   49|          0|
    |shl_ln2_reg_662            |   63|   0|  104|         41|
    |solver_iJ_0                |   49|   0|   50|          1|
    |solver_iJ_1                |   49|   0|   50|          1|
    |solver_state               |    1|   0|    1|          0|
    |solver_state_load_reg_620  |    1|   0|    1|          0|
    |solver_vE_0                |   63|   0|   63|          0|
    |solver_vE_1                |   63|   0|   63|          0|
    |solver_xC1                 |   64|   0|   64|          0|
    |solver_xC1_loc_0_reg_146   |   64|   0|   64|          0|
    |solver_xC2                 |   64|   0|   64|          0|
    |solver_xC2_loc_0_reg_156   |   64|   0|   64|          0|
    |solver_xL                  |   49|   0|   49|          0|
    |solver_xL_load_reg_630     |   49|   0|   49|          0|
    |solver_xL_loc_0_reg_137    |   49|   0|   49|          0|
    |storemerge_reg_166         |    1|   0|    1|          0|
    |sub_ln83_reg_652           |   65|   0|   65|          0|
    |sub_ln84_reg_657           |   65|   0|   65|          0|
    |trunc_ln1_reg_759          |   64|   0|   64|          0|
    |trunc_ln3_reg_687          |   53|   0|   53|          0|
    |trunc_ln_reg_754           |   64|   0|   64|          0|
    +---------------------------+-----+----+-----+-----------+
    |Total                      | 2302|   0| 2345|         43|
    +---------------------------+-----+----+-----+-----------+



================================================================
== Interface
================================================================
* Summary: 
+----------------+-----+-----+------------+--------------+--------------+
|    RTL Ports   | Dir | Bits|  Protocol  | Source Object|    C Type    |
+----------------+-----+-----+------------+--------------+--------------+
|ap_clk          |   in|    1|  ap_ctrl_hs|       dab_top|  return value|
|ap_rst          |   in|    1|  ap_ctrl_hs|       dab_top|  return value|
|ap_start        |   in|    1|  ap_ctrl_hs|       dab_top|  return value|
|ap_done         |  out|    1|  ap_ctrl_hs|       dab_top|  return value|
|ap_idle         |  out|    1|  ap_ctrl_hs|       dab_top|  return value|
|ap_ready        |  out|    1|  ap_ctrl_hs|       dab_top|  return value|
|s1              |   in|    1|     ap_none|            s1|        scalar|
|s2              |   in|    1|     ap_none|            s2|        scalar|
|out_xL          |  out|   64|      ap_vld|        out_xL|       pointer|
|out_xL_ap_vld   |  out|    1|      ap_vld|        out_xL|       pointer|
|out_xC1         |  out|   64|      ap_vld|       out_xC1|       pointer|
|out_xC1_ap_vld  |  out|    1|      ap_vld|       out_xC1|       pointer|
|out_xC2         |  out|   64|      ap_vld|       out_xC2|       pointer|
|out_xC2_ap_vld  |  out|    1|      ap_vld|       out_xC2|       pointer|
+----------------+-----+-----+------------+--------------+--------------+

